Archive member included to satisfy reference by file (symbol)

c:/st/stm32cubeide_1.7.0/stm32cubeide/plugins/com.st.stm32cube.ide.mcu.externaltools.gnu-tools-for-stm32.9-2020-q2-update.win32_2.0.0.202105311346/tools/bin/../lib/gcc/arm-none-eabi/9.3.1/../../../../arm-none-eabi/lib/thumb/v7-m/nofp\libc_nano.a(lib_a-errno.o)
                              ./Core/Src/syscalls.o (__errno)
c:/st/stm32cubeide_1.7.0/stm32cubeide/plugins/com.st.stm32cube.ide.mcu.externaltools.gnu-tools-for-stm32.9-2020-q2-update.win32_2.0.0.202105311346/tools/bin/../lib/gcc/arm-none-eabi/9.3.1/../../../../arm-none-eabi/lib/thumb/v7-m/nofp\libc_nano.a(lib_a-exit.o)
                              c:/st/stm32cubeide_1.7.0/stm32cubeide/plugins/com.st.stm32cube.ide.mcu.externaltools.gnu-tools-for-stm32.9-2020-q2-update.win32_2.0.0.202105311346/tools/bin/../lib/gcc/arm-none-eabi/9.3.1/../../../../arm-none-eabi/lib/thumb/v7-m/nofp/crt0.o (exit)
c:/st/stm32cubeide_1.7.0/stm32cubeide/plugins/com.st.stm32cube.ide.mcu.externaltools.gnu-tools-for-stm32.9-2020-q2-update.win32_2.0.0.202105311346/tools/bin/../lib/gcc/arm-none-eabi/9.3.1/../../../../arm-none-eabi/lib/thumb/v7-m/nofp\libc_nano.a(lib_a-impure.o)
                              c:/st/stm32cubeide_1.7.0/stm32cubeide/plugins/com.st.stm32cube.ide.mcu.externaltools.gnu-tools-for-stm32.9-2020-q2-update.win32_2.0.0.202105311346/tools/bin/../lib/gcc/arm-none-eabi/9.3.1/../../../../arm-none-eabi/lib/thumb/v7-m/nofp\libc_nano.a(lib_a-exit.o) (_global_impure_ptr)
c:/st/stm32cubeide_1.7.0/stm32cubeide/plugins/com.st.stm32cube.ide.mcu.externaltools.gnu-tools-for-stm32.9-2020-q2-update.win32_2.0.0.202105311346/tools/bin/../lib/gcc/arm-none-eabi/9.3.1/../../../../arm-none-eabi/lib/thumb/v7-m/nofp\libc_nano.a(lib_a-init.o)
                              c:/st/stm32cubeide_1.7.0/stm32cubeide/plugins/com.st.stm32cube.ide.mcu.externaltools.gnu-tools-for-stm32.9-2020-q2-update.win32_2.0.0.202105311346/tools/bin/../lib/gcc/arm-none-eabi/9.3.1/../../../../arm-none-eabi/lib/thumb/v7-m/nofp/crt0.o (__libc_init_array)
c:/st/stm32cubeide_1.7.0/stm32cubeide/plugins/com.st.stm32cube.ide.mcu.externaltools.gnu-tools-for-stm32.9-2020-q2-update.win32_2.0.0.202105311346/tools/bin/../lib/gcc/arm-none-eabi/9.3.1/../../../../arm-none-eabi/lib/thumb/v7-m/nofp\libc_nano.a(lib_a-memset.o)
                              c:/st/stm32cubeide_1.7.0/stm32cubeide/plugins/com.st.stm32cube.ide.mcu.externaltools.gnu-tools-for-stm32.9-2020-q2-update.win32_2.0.0.202105311346/tools/bin/../lib/gcc/arm-none-eabi/9.3.1/../../../../arm-none-eabi/lib/thumb/v7-m/nofp/crt0.o (memset)

Allocating common symbols
Common symbol       size              file

t                   0x4               ./Core/Src/input_processing.o
j                   0x4               ./Core/Src/input_processing.o
o                   0x4               ./Core/Src/input_processing.o
l                   0x4               ./Core/Src/input_processing.o
k                   0x4               ./Core/Src/input_processing.o
uwTick              0x4               ./Drivers/STM32F1xx_HAL_Driver/Src/stm32f1xx_hal.o
pFlash              0x20              ./Drivers/STM32F1xx_HAL_Driver/Src/stm32f1xx_hal_flash.o
i                   0x4               ./Core/Src/input_processing.o
s                   0x4               ./Core/Src/input_processing.o
htim2               0x48              ./Core/Src/main.o

Discarded input sections

 .text          0x0000000000000000        0x0 c:/st/stm32cubeide_1.7.0/stm32cubeide/plugins/com.st.stm32cube.ide.mcu.externaltools.gnu-tools-for-stm32.9-2020-q2-update.win32_2.0.0.202105311346/tools/bin/../lib/gcc/arm-none-eabi/9.3.1/thumb/v7-m/nofp/crti.o
 .data          0x0000000000000000        0x0 c:/st/stm32cubeide_1.7.0/stm32cubeide/plugins/com.st.stm32cube.ide.mcu.externaltools.gnu-tools-for-stm32.9-2020-q2-update.win32_2.0.0.202105311346/tools/bin/../lib/gcc/arm-none-eabi/9.3.1/thumb/v7-m/nofp/crti.o
 .bss           0x0000000000000000        0x0 c:/st/stm32cubeide_1.7.0/stm32cubeide/plugins/com.st.stm32cube.ide.mcu.externaltools.gnu-tools-for-stm32.9-2020-q2-update.win32_2.0.0.202105311346/tools/bin/../lib/gcc/arm-none-eabi/9.3.1/thumb/v7-m/nofp/crti.o
 .data          0x0000000000000000        0x4 c:/st/stm32cubeide_1.7.0/stm32cubeide/plugins/com.st.stm32cube.ide.mcu.externaltools.gnu-tools-for-stm32.9-2020-q2-update.win32_2.0.0.202105311346/tools/bin/../lib/gcc/arm-none-eabi/9.3.1/thumb/v7-m/nofp/crtbegin.o
 .text          0x0000000000000000       0x7c c:/st/stm32cubeide_1.7.0/stm32cubeide/plugins/com.st.stm32cube.ide.mcu.externaltools.gnu-tools-for-stm32.9-2020-q2-update.win32_2.0.0.202105311346/tools/bin/../lib/gcc/arm-none-eabi/9.3.1/../../../../arm-none-eabi/lib/thumb/v7-m/nofp/crt0.o
[...]
Memory Configuration

Name             Origin             Length             Attributes
RAM              0x0000000020000000 0x0000000000002800 xrw
FLASH            0x0000000008000000 0x0000000000008000 xr
*default*        0x0000000000000000 0xffffffffffffffff

Linker script and memory map

LOAD c:/st/stm32cubeide_1.7.0/stm32cubeide/plugins/com.st.stm32cube.ide.mcu.externaltools.gnu-tools-for-stm32.9-2020-q2-update.win32_2.0.0.202105311346/tools/bin/../lib/gcc/arm-none-eabi/9.3.1/thumb/v7-m/nofp/crti.o
LOAD c:/st/stm32cubeide_1.7.0/stm32cubeide/plugins/com.st.stm32cube.ide.mcu.externaltools.gnu-tools-for-stm32.9-2020-q2-update.win32_2.0.0.202105311346/tools/bin/../lib/gcc/arm-none-eabi/9.3.1/thumb/v7-m/nofp/crtbegin.o
LOAD c:/st/stm32cubeide_1.7.0/stm32cubeide/plugins/com.st.stm32cube.ide.mcu.externaltools.gnu-tools-for-stm32.9-2020-q2-update.win32_2.0.0.202105311346/tools/bin/../lib/gcc/arm-none-eabi/9.3.1/../../../../arm-none-eabi/lib/thumb/v7-m/nofp/crt0.o
LOAD ./Core/Src/display7SEG.o
LOAD ./Core/Src/input_processing.o
LOAD ./Core/Src/input_reading.o
LOAD ./Core/Src/led_display.o
LOAD ./Core/Src/main.o
LOAD ./Core/Src/stm32f1xx_hal_msp.o
LOAD ./Core/Src/stm32f1xx_it.o
LOAD ./Core/Src/syscalls.o
LOAD ./Core/Src/sysmem.o
LOAD ./Core/Src/system_stm32f1xx.o
LOAD ./Core/Src/timer.o
LOAD ./Core/Startup/startup_stm32f103c6tx.o
LOAD ./Drivers/STM32F1xx_HAL_Driver/Src/stm32f1xx_hal.o
LOAD ./Drivers/STM32F1xx_HAL_Driver/Src/stm32f1xx_hal_cortex.o
LOAD ./Drivers/STM32F1xx_HAL_Driver/Src/stm32f1xx_hal_dma.o
LOAD ./Drivers/STM32F1xx_HAL_Driver/Src/stm32f1xx_hal_exti.o
LOAD ./Drivers/STM32F1xx_HAL_Driver/Src/stm32f1xx_hal_flash.o
LOAD ./Drivers/STM32F1xx_HAL_Driver/Src/stm32f1xx_hal_flash_ex.o
LOAD ./Drivers/STM32F1xx_HAL_Driver/Src/stm32f1xx_hal_gpio.o
LOAD ./Drivers/STM32F1xx_HAL_Driver/Src/stm32f1xx_hal_gpio_ex.o
LOAD ./Drivers/STM32F1xx_HAL_Driver/Src/stm32f1xx_hal_pwr.o
LOAD ./Drivers/STM32F1xx_HAL_Driver/Src/stm32f1xx_hal_rcc.o
LOAD ./Drivers/STM32F1xx_HAL_Driver/Src/stm32f1xx_hal_rcc_ex.o
LOAD ./Drivers/STM32F1xx_HAL_Driver/Src/stm32f1xx_hal_tim.o
LOAD ./Drivers/STM32F1xx_HAL_Driver/Src/stm32f1xx_hal_tim_ex.o
START GROUP
LOAD c:/st/stm32cubeide_1.7.0/stm32cubeide/plugins/com.st.stm32cube.ide.mcu.externaltools.gnu-tools-for-stm32.9-2020-q2-update.win32_2.0.0.202105311346/tools/bin/../lib/gcc/arm-none-eabi/9.3.1/../../../../arm-none-eabi/lib/thumb/v7-m/nofp\libc_nano.a
LOAD c:/st/stm32cubeide_1.7.0/stm32cubeide/plugins/com.st.stm32cube.ide.mcu.externaltools.gnu-tools-for-stm32.9-2020-q2-update.win32_2.0.0.202105311346/tools/bin/../lib/gcc/arm-none-eabi/9.3.1/../../../../arm-none-eabi/lib/thumb/v7-m/nofp\libm.a
END GROUP
START GROUP
LOAD c:/st/stm32cubeide_1.7.0/stm32cubeide/plugins/com.st.stm32cube.ide.mcu.externaltools.gnu-tools-for-stm32.9-2020-q2-update.win32_2.0.0.202105311346/tools/bin/../lib/gcc/arm-none-eabi/9.3.1/thumb/v7-m/nofp\libgcc.a
LOAD c:/st/stm32cubeide_1.7.0/stm32cubeide/plugins/com.st.stm32cube.ide.mcu.externaltools.gnu-tools-for-stm32.9-2020-q2-update.win32_2.0.0.202105311346/tools/bin/../lib/gcc/arm-none-eabi/9.3.1/../../../../arm-none-eabi/lib/thumb/v7-m/nofp\libc_nano.a
END GROUP
START GROUP
LOAD c:/st/stm32cubeide_1.7.0/stm32cubeide/plugins/com.st.stm32cube.ide.mcu.externaltools.gnu-tools-for-stm32.9-2020-q2-update.win32_2.0.0.202105311346/tools/bin/../lib/gcc/arm-none-eabi/9.3.1/thumb/v7-m/nofp\libgcc.a
LOAD c:/st/stm32cubeide_1.7.0/stm32cubeide/plugins/com.st.stm32cube.ide.mcu.externaltools.gnu-tools-for-stm32.9-2020-q2-update.win32_2.0.0.202105311346/tools/bin/../lib/gcc/arm-none-eabi/9.3.1/../../../../arm-none-eabi/lib/thumb/v7-m/nofp\libc_nano.a
LOAD c:/st/stm32cubeide_1.7.0/stm32cubeide/plugins/com.st.stm32cube.ide.mcu.externaltools.gnu-tools-for-stm32.9-2020-q2-update.win32_2.0.0.202105311346/tools/bin/../lib/gcc/arm-none-eabi/9.3.1/../../../../arm-none-eabi/lib/thumb/v7-m/nofp\libnosys.a
END GROUP
START GROUP
LOAD c:/st/stm32cubeide_1.7.0/stm32cubeide/plugins/com.st.stm32cube.ide.mcu.externaltools.gnu-tools-for-stm32.9-2020-q2-update.win32_2.0.0.202105311346/tools/bin/../lib/gcc/arm-none-eabi/9.3.1/thumb/v7-m/nofp\libgcc.a
LOAD c:/st/stm32cubeide_1.7.0/stm32cubeide/plugins/com.st.stm32cube.ide.mcu.externaltools.gnu-tools-for-stm32.9-2020-q2-update.win32_2.0.0.202105311346/tools/bin/../lib/gcc/arm-none-eabi/9.3.1/../../../../arm-none-eabi/lib/thumb/v7-m/nofp\libc_nano.a
LOAD c:/st/stm32cubeide_1.7.0/stm32cubeide/plugins/com.st.stm32cube.ide.mcu.externaltools.gnu-tools-for-stm32.9-2020-q2-update.win32_2.0.0.202105311346/tools/bin/../lib/gcc/arm-none-eabi/9.3.1/../../../../arm-none-eabi/lib/thumb/v7-m/nofp\libnosys.a
END GROUP
LOAD c:/st/stm32cubeide_1.7.0/stm32cubeide/plugins/com.st.stm32cube.ide.mcu.externaltools.gnu-tools-for-stm32.9-2020-q2-update.win32_2.0.0.202105311346/tools/bin/../lib/gcc/arm-none-eabi/9.3.1/thumb/v7-m/nofp/crtend.o
LOAD c:/st/stm32cubeide_1.7.0/stm32cubeide/plugins/com.st.stm32cube.ide.mcu.externaltools.gnu-tools-for-stm32.9-2020-q2-update.win32_2.0.0.202105311346/tools/bin/../lib/gcc/arm-none-eabi/9.3.1/thumb/v7-m/nofp/crtn.o
                0x0000000020002800                _estack = (ORIGIN (RAM) + LENGTH (RAM))
                0x0000000000000200                _Min_Heap_Size = 0x200
                0x0000000000000400                _Min_Stack_Size = 0x400

.isr_vector     0x0000000008000000      0x10c
                0x0000000008000000                . = ALIGN (0x4)
 *(.isr_vector)
 .isr_vector    0x0000000008000000      0x10c ./Core/Startup/startup_stm32f103c6tx.o
                0x0000000008000000                g_pfnVectors
                0x000000000800010c                . = ALIGN (0x4)

.text           0x000000000800010c     0x2a0c
                0x000000000800010c                . = ALIGN (0x4)
 *(.text)
 .text          0x000000000800010c       0x40 c:/st/stm32cubeide_1.7.0/stm32cubeide/plugins/com.st.stm32cube.ide.mcu.externaltools.gnu-tools-for-stm32.9-2020-q2-update.win32_2.0.0.202105311346/tools/bin/../lib/gcc/arm-none-eabi/9.3.1/thumb/v7-m/nofp/crtbegin.o
 *(.text*)
 .text.turn_off_7seg
                0x000000000800014c       0x54 ./Core/Src/display7SEG.o
                0x000000000800014c                turn_off_7seg
 .text.display7SEG
                0x00000000080001a0      0x134 ./Core/Src/display7SEG.o
                0x00000000080001a0                display7SEG
 .text.display_mode
                0x00000000080002d4       0x4c ./Core/Src/display7SEG.o
                0x00000000080002d4                display_mode
 .text.display_light
                0x0000000008000320      0x11c ./Core/Src/input_processing.o
                0x0000000008000320                display_light
 .text.display_led_normal
                0x000000000800043c      0x2f8 ./Core/Src/input_processing.o
                0x000000000800043c                display_led_normal
 .text.display_led_red
                0x0000000008000734      0x150 ./Core/Src/input_processing.o
                0x0000000008000734                display_led_red
 .text.display_counter_red
                0x0000000008000884       0xe0 ./Core/Src/input_processing.o
                0x0000000008000884                display_counter_red
 .text.display_led_yellow
                0x0000000008000964      0x150 ./Core/Src/input_processing.o
                0x0000000008000964                display_led_yellow
 .text.display_counter_yellow
                0x0000000008000ab4       0xe0 ./Core/Src/input_processing.o
                0x0000000008000ab4                display_counter_yellow
 .text.display_led_green
                0x0000000008000b94      0x150 ./Core/Src/input_processing.o
                0x0000000008000b94                display_led_green
 .text.display_counter_green
                0x0000000008000ce4       0xe0 ./Core/Src/input_processing.o
                0x0000000008000ce4                display_counter_green
 .text.fsm_for_input_processing
                0x0000000008000dc4      0x194 ./Core/Src/input_processing.o
                0x0000000008000dc4                fsm_for_input_processing
 .text.button_reading
                0x0000000008000f58      0x114 ./Core/Src/input_reading.o
                0x0000000008000f58                button_reading
 .text.is_button_pressed
                0x000000000800106c       0x34 ./Core/Src/input_reading.o
                0x000000000800106c                is_button_pressed
 .text.turn_off_all_led
                0x00000000080010a0       0x54 ./Core/Src/led_display.o
                0x00000000080010a0                turn_off_all_led
 .text.main     0x00000000080010f4       0x24 ./Core/Src/main.o
                0x00000000080010f4                main
 .text.SystemClock_Config
                0x0000000008001118       0x76 ./Core/Src/main.o
                0x0000000008001118                SystemClock_Config
 *fill*         0x000000000800118e        0x2 
 .text.MX_TIM2_Init
                0x0000000008001190       0x98 ./Core/Src/main.o
 .text.MX_GPIO_Init
                0x0000000008001228       0xd8 ./Core/Src/main.o
 .text.Error_Handler
                0x0000000008001300        0xa ./Core/Src/main.o
                0x0000000008001300                Error_Handler
 *fill*         0x000000000800130a        0x2 
 .text.HAL_MspInit
                0x000000000800130c       0x64 ./Core/Src/stm32f1xx_hal_msp.o
                0x000000000800130c                HAL_MspInit
 .text.HAL_TIM_Base_MspInit
                0x0000000008001370       0x48 ./Core/Src/stm32f1xx_hal_msp.o
                0x0000000008001370                HAL_TIM_Base_MspInit
 .text.NMI_Handler
                0x00000000080013b8        0x6 ./Core/Src/stm32f1xx_it.o
                0x00000000080013b8                NMI_Handler
 .text.HardFault_Handler
                0x00000000080013be        0x6 ./Core/Src/stm32f1xx_it.o
                0x00000000080013be                HardFault_Handler
 .text.MemManage_Handler
                0x00000000080013c4        0x6 ./Core/Src/stm32f1xx_it.o
                0x00000000080013c4                MemManage_Handler
 .text.BusFault_Handler
                0x00000000080013ca        0x6 ./Core/Src/stm32f1xx_it.o
                0x00000000080013ca                BusFault_Handler
 .text.UsageFault_Handler
                0x00000000080013d0        0x6 ./Core/Src/stm32f1xx_it.o
                0x00000000080013d0                UsageFault_Handler
 .text.SVC_Handler
                0x00000000080013d6        0xc ./Core/Src/stm32f1xx_it.o
                0x00000000080013d6                SVC_Handler
 .text.DebugMon_Handler
                0x00000000080013e2        0xc ./Core/Src/stm32f1xx_it.o
                0x00000000080013e2                DebugMon_Handler
 .text.PendSV_Handler
                0x00000000080013ee        0xc ./Core/Src/stm32f1xx_it.o
                0x00000000080013ee                PendSV_Handler
 .text.SysTick_Handler
                0x00000000080013fa        0xc ./Core/Src/stm32f1xx_it.o
                0x00000000080013fa                SysTick_Handler
 *fill*         0x0000000008001406        0x2 
 .text.TIM2_IRQHandler
                0x0000000008001408       0x14 ./Core/Src/stm32f1xx_it.o
                0x0000000008001408                TIM2_IRQHandler
 .text.SystemInit
                0x000000000800141c        0xc ./Core/Src/system_stm32f1xx.o
                0x000000000800141c                SystemInit
 .text.HAL_TIM_PeriodElapsedCallback
                0x0000000008001428       0x1e ./Core/Src/timer.o
                0x0000000008001428                HAL_TIM_PeriodElapsedCallback
 *fill*         0x0000000008001446        0x2 
 .text.Reset_Handler
                0x0000000008001448       0x48 ./Core/Startup/startup_stm32f103c6tx.o
                0x0000000008001448                Reset_Handler
 .text.Default_Handler
                0x0000000008001490        0x2 ./Core/Startup/startup_stm32f103c6tx.o
                0x0000000008001490                RTC_Alarm_IRQHandler
                0x0000000008001490                EXTI2_IRQHandler
                0x0000000008001490                TIM1_CC_IRQHandler
                0x0000000008001490                PVD_IRQHandler
                0x0000000008001490                EXTI3_IRQHandler
                0x0000000008001490                EXTI0_IRQHandler
                0x0000000008001490                ADC1_2_IRQHandler
                0x0000000008001490                SPI1_IRQHandler
                0x0000000008001490                TAMPER_IRQHandler
                0x0000000008001490                DMA1_Channel4_IRQHandler
                0x0000000008001490                RTC_IRQHandler
                0x0000000008001490                DMA1_Channel7_IRQHandler
                0x0000000008001490                CAN1_RX1_IRQHandler
                0x0000000008001490                I2C1_EV_IRQHandler
                0x0000000008001490                DMA1_Channel6_IRQHandler
                0x0000000008001490                TIM3_IRQHandler
                0x0000000008001490                RCC_IRQHandler
                0x0000000008001490                TIM1_TRG_COM_IRQHandler
                0x0000000008001490                DMA1_Channel1_IRQHandler
                0x0000000008001490                Default_Handler
                0x0000000008001490                EXTI15_10_IRQHandler
                0x0000000008001490                EXTI9_5_IRQHandler
                0x0000000008001490                DMA1_Channel5_IRQHandler
                0x0000000008001490                EXTI4_IRQHandler
                0x0000000008001490                USB_LP_CAN1_RX0_IRQHandler
                0x0000000008001490                USB_HP_CAN1_TX_IRQHandler
                0x0000000008001490                DMA1_Channel3_IRQHandler
                0x0000000008001490                TIM1_UP_IRQHandler
                0x0000000008001490                WWDG_IRQHandler
                0x0000000008001490                TIM1_BRK_IRQHandler
                0x0000000008001490                EXTI1_IRQHandler
                0x0000000008001490                USART2_IRQHandler
                0x0000000008001490                DMA1_Channel2_IRQHandler
                0x0000000008001490                CAN1_SCE_IRQHandler
                0x0000000008001490                FLASH_IRQHandler
                0x0000000008001490                USART1_IRQHandler
                0x0000000008001490                I2C1_ER_IRQHandler
                0x0000000008001490                USBWakeUp_IRQHandler
 *fill*         0x0000000008001492        0x2 
 .text.HAL_Init
                0x0000000008001494       0x2c ./Drivers/STM32F1xx_HAL_Driver/Src/stm32f1xx_hal.o
                0x0000000008001494                HAL_Init
 .text.HAL_InitTick
                0x00000000080014c0       0x60 ./Drivers/STM32F1xx_HAL_Driver/Src/stm32f1xx_hal.o
                0x00000000080014c0                HAL_InitTick
 .text.HAL_IncTick
                0x0000000008001520       0x24 ./Drivers/STM32F1xx_HAL_Driver/Src/stm32f1xx_hal.o
                0x0000000008001520                HAL_IncTick
 .text.HAL_GetTick
                0x0000000008001544       0x14 ./Drivers/STM32F1xx_HAL_Driver/Src/stm32f1xx_hal.o
                0x0000000008001544                HAL_GetTick
 .text.HAL_Delay
                0x0000000008001558       0x48 ./Drivers/STM32F1xx_HAL_Driver/Src/stm32f1xx_hal.o
                0x0000000008001558                HAL_Delay
 .text.__NVIC_SetPriorityGrouping
                0x00000000080015a0       0x48 ./Drivers/STM32F1xx_HAL_Driver/Src/stm32f1xx_hal_cortex.o
 .text.__NVIC_GetPriorityGrouping
                0x00000000080015e8       0x1c ./Drivers/STM32F1xx_HAL_Driver/Src/stm32f1xx_hal_cortex.o
 .text.__NVIC_EnableIRQ
                0x0000000008001604       0x38 ./Drivers/STM32F1xx_HAL_Driver/Src/stm32f1xx_hal_cortex.o
 .text.__NVIC_SetPriority
                0x000000000800163c       0x54 ./Drivers/STM32F1xx_HAL_Driver/Src/stm32f1xx_hal_cortex.o
 .text.NVIC_EncodePriority
                0x0000000008001690       0x64 ./Drivers/STM32F1xx_HAL_Driver/Src/stm32f1xx_hal_cortex.o
 .text.SysTick_Config
                0x00000000080016f4       0x44 ./Drivers/STM32F1xx_HAL_Driver/Src/stm32f1xx_hal_cortex.o
 .text.HAL_NVIC_SetPriorityGrouping
                0x0000000008001738       0x16 ./Drivers/STM32F1xx_HAL_Driver/Src/stm32f1xx_hal_cortex.o
                0x0000000008001738                HAL_NVIC_SetPriorityGrouping
 .text.HAL_NVIC_SetPriority
                0x000000000800174e       0x38 ./Drivers/STM32F1xx_HAL_Driver/Src/stm32f1xx_hal_cortex.o
                0x000000000800174e                HAL_NVIC_SetPriority
 .text.HAL_NVIC_EnableIRQ
                0x0000000008001786       0x1c ./Drivers/STM32F1xx_HAL_Driver/Src/stm32f1xx_hal_cortex.o
                0x0000000008001786                HAL_NVIC_EnableIRQ
 .text.HAL_SYSTICK_Config
                0x00000000080017a2       0x18 ./Drivers/STM32F1xx_HAL_Driver/Src/stm32f1xx_hal_cortex.o
                0x00000000080017a2                HAL_SYSTICK_Config
 *fill*         0x00000000080017ba        0x2 
 .text.HAL_GPIO_Init
                0x00000000080017bc      0x2f4 ./Drivers/STM32F1xx_HAL_Driver/Src/stm32f1xx_hal_gpio.o
                0x00000000080017bc                HAL_GPIO_Init
 .text.HAL_GPIO_ReadPin
                0x0000000008001ab0       0x2e ./Drivers/STM32F1xx_HAL_Driver/Src/stm32f1xx_hal_gpio.o
                0x0000000008001ab0                HAL_GPIO_ReadPin
 .text.HAL_GPIO_WritePin
                0x0000000008001ade       0x30 ./Drivers/STM32F1xx_HAL_Driver/Src/stm32f1xx_hal_gpio.o
                0x0000000008001ade                HAL_GPIO_WritePin
 *fill*         0x0000000008001b0e        0x2 
 .text.HAL_RCC_OscConfig
                0x0000000008001b10      0x500 ./Drivers/STM32F1xx_HAL_Driver/Src/stm32f1xx_hal_rcc.o
                0x0000000008001b10                HAL_RCC_OscConfig
 .text.HAL_RCC_ClockConfig
                0x0000000008002010      0x1d4 ./Drivers/STM32F1xx_HAL_Driver/Src/stm32f1xx_hal_rcc.o
                0x0000000008002010                HAL_RCC_ClockConfig
 .text.HAL_RCC_GetSysClockFreq
                0x00000000080021e4       0xc0 ./Drivers/STM32F1xx_HAL_Driver/Src/stm32f1xx_hal_rcc.o
                0x00000000080021e4                HAL_RCC_GetSysClockFreq
 .text.RCC_Delay
                0x00000000080022a4       0x3c ./Drivers/STM32F1xx_HAL_Driver/Src/stm32f1xx_hal_rcc.o
 .text.HAL_TIM_Base_Init
                0x00000000080022e0       0x9e ./Drivers/STM32F1xx_HAL_Driver/Src/stm32f1xx_hal_tim.o
                0x00000000080022e0                HAL_TIM_Base_Init
 *fill*         0x000000000800237e        0x2 
 .text.HAL_TIM_Base_Start_IT
                0x0000000008002380       0x98 ./Drivers/STM32F1xx_HAL_Driver/Src/stm32f1xx_hal_tim.o
                0x0000000008002380                HAL_TIM_Base_Start_IT
 .text.HAL_TIM_IRQHandler
                0x0000000008002418      0x210 ./Drivers/STM32F1xx_HAL_Driver/Src/stm32f1xx_hal_tim.o
                0x0000000008002418                HAL_TIM_IRQHandler
 .text.HAL_TIM_ConfigClockSource
                0x0000000008002628      0x188 ./Drivers/STM32F1xx_HAL_Driver/Src/stm32f1xx_hal_tim.o
                0x0000000008002628                HAL_TIM_ConfigClockSource
 .text.HAL_TIM_OC_DelayElapsedCallback
                0x00000000080027b0       0x12 ./Drivers/STM32F1xx_HAL_Driver/Src/stm32f1xx_hal_tim.o
                0x00000000080027b0                HAL_TIM_OC_DelayElapsedCallback
 .text.HAL_TIM_IC_CaptureCallback
                0x00000000080027c2       0x12 ./Drivers/STM32F1xx_HAL_Driver/Src/stm32f1xx_hal_tim.o
                0x00000000080027c2                HAL_TIM_IC_CaptureCallback
 .text.HAL_TIM_PWM_PulseFinishedCallback
                0x00000000080027d4       0x12 ./Drivers/STM32F1xx_HAL_Driver/Src/stm32f1xx_hal_tim.o
                0x00000000080027d4                HAL_TIM_PWM_PulseFinishedCallback
 .text.HAL_TIM_TriggerCallback
                0x00000000080027e6       0x12 ./Drivers/STM32F1xx_HAL_Driver/Src/stm32f1xx_hal_tim.o
                0x00000000080027e6                HAL_TIM_TriggerCallback
 .text.TIM_Base_SetConfig
                0x00000000080027f8       0xb0 ./Drivers/STM32F1xx_HAL_Driver/Src/stm32f1xx_hal_tim.o
                0x00000000080027f8                TIM_Base_SetConfig
 .text.TIM_TI1_ConfigInputStage
                0x00000000080028a8       0x5c ./Drivers/STM32F1xx_HAL_Driver/Src/stm32f1xx_hal_tim.o
 .text.TIM_TI2_ConfigInputStage
                0x0000000008002904       0x5e ./Drivers/STM32F1xx_HAL_Driver/Src/stm32f1xx_hal_tim.o
 .text.TIM_ITRx_SetConfig
                0x0000000008002962       0x34 ./Drivers/STM32F1xx_HAL_Driver/Src/stm32f1xx_hal_tim.o
 .text.TIM_ETR_SetConfig
                0x0000000008002996       0x3e ./Drivers/STM32F1xx_HAL_Driver/Src/stm32f1xx_hal_tim.o
                0x0000000008002996                TIM_ETR_SetConfig
 .text.HAL_TIMEx_MasterConfigSynchronization
                0x00000000080029d4       0xb0 ./Drivers/STM32F1xx_HAL_Driver/Src/stm32f1xx_hal_tim_ex.o
                0x00000000080029d4                HAL_TIMEx_MasterConfigSynchronization
 .text.HAL_TIMEx_CommutCallback
                0x0000000008002a84       0x12 ./Drivers/STM32F1xx_HAL_Driver/Src/stm32f1xx_hal_tim_ex.o
                0x0000000008002a84                HAL_TIMEx_CommutCallback
 .text.HAL_TIMEx_BreakCallback
                0x0000000008002a96       0x12 ./Drivers/STM32F1xx_HAL_Driver/Src/stm32f1xx_hal_tim_ex.o
                0x0000000008002a96                HAL_TIMEx_BreakCallback
 .text.__libc_init_array
                0x0000000008002aa8       0x48 c:/st/stm32cubeide_1.7.0/stm32cubeide/plugins/com.st.stm32cube.ide.mcu.externaltools.gnu-tools-for-stm32.9-2020-q2-update.win32_2.0.0.202105311346/tools/bin/../lib/gcc/arm-none-eabi/9.3.1/../../../../arm-none-eabi/lib/thumb/v7-m/nofp\libc_nano.a(lib_a-init.o)
                0x0000000008002aa8                __libc_init_array
 .text.memset   0x0000000008002af0       0x10 c:/st/stm32cubeide_1.7.0/stm32cubeide/plugins/com.st.stm32cube.ide.mcu.externaltools.gnu-tools-for-stm32.9-2020-q2-update.win32_2.0.0.202105311346/tools/bin/../lib/gcc/arm-none-eabi/9.3.1/../../../../arm-none-eabi/lib/thumb/v7-m/nofp\libc_nano.a(lib_a-memset.o)
                0x0000000008002af0                memset
 *(.glue_7)
 .glue_7        0x0000000008002b00        0x0 linker stubs
 *(.glue_7t)
 .glue_7t       0x0000000008002b00        0x0 linker stubs
 *(.eh_frame)
 .eh_frame      0x0000000008002b00        0x0 c:/st/stm32cubeide_1.7.0/stm32cubeide/plugins/com.st.stm32cube.ide.mcu.externaltools.gnu-tools-for-stm32.9-2020-q2-update.win32_2.0.0.202105311346/tools/bin/../lib/gcc/arm-none-eabi/9.3.1/thumb/v7-m/nofp/crtbegin.o
 *(.init)
 .init          0x0000000008002b00        0x4 c:/st/stm32cubeide_1.7.0/stm32cubeide/plugins/com.st.stm32cube.ide.mcu.externaltools.gnu-tools-for-stm32.9-2020-q2-update.win32_2.0.0.202105311346/tools/bin/../lib/gcc/arm-none-eabi/9.3.1/thumb/v7-m/nofp/crti.o
                0x0000000008002b00                _init
 .init          0x0000000008002b04        0x8 c:/st/stm32cubeide_1.7.0/stm32cubeide/plugins/com.st.stm32cube.ide.mcu.externaltools.gnu-tools-for-stm32.9-2020-q2-update.win32_2.0.0.202105311346/tools/bin/../lib/gcc/arm-none-eabi/9.3.1/thumb/v7-m/nofp/crtn.o
 *(.fini)
 .fini          0x0000000008002b0c        0x4 c:/st/stm32cubeide_1.7.0/stm32cubeide/plugins/com.st.stm32cube.ide.mcu.externaltools.gnu-tools-for-stm32.9-2020-q2-update.win32_2.0.0.202105311346/tools/bin/../lib/gcc/arm-none-eabi/9.3.1/thumb/v7-m/nofp/crti.o
                0x0000000008002b0c                _fini
 .fini          0x0000000008002b10        0x8 c:/st/stm32cubeide_1.7.0/stm32cubeide/plugins/com.st.stm32cube.ide.mcu.externaltools.gnu-tools-for-stm32.9-2020-q2-update.win32_2.0.0.202105311346/tools/bin/../lib/gcc/arm-none-eabi/9.3.1/thumb/v7-m/nofp/crtn.o
                0x0000000008002b18                . = ALIGN (0x4)
                0x0000000008002b18                _etext = .

.vfp11_veneer   0x0000000008002b18        0x0
 .vfp11_veneer  0x0000000008002b18        0x0 linker stubs

.v4_bx          0x0000000008002b18        0x0
 .v4_bx         0x0000000008002b18        0x0 linker stubs

.iplt           0x0000000008002b18        0x0
 .iplt          0x0000000008002b18        0x0 c:/st/stm32cubeide_1.7.0/stm32cubeide/plugins/com.st.stm32cube.ide.mcu.externaltools.gnu-tools-for-stm32.9-2020-q2-update.win32_2.0.0.202105311346/tools/bin/../lib/gcc/arm-none-eabi/9.3.1/thumb/v7-m/nofp/crtbegin.o

.rodata         0x0000000008002b18       0x2c
                0x0000000008002b18                . = ALIGN (0x4)
 *(.rodata)
 .rodata        0x0000000008002b18        0xa ./Core/Src/display7SEG.o
 *fill*         0x0000000008002b22        0x2 
 .rodata        0x0000000008002b24       0x10 ./Drivers/STM32F1xx_HAL_Driver/Src/stm32f1xx_hal_rcc.o
 *(.rodata*)
 .rodata.AHBPrescTable
                0x0000000008002b34       0x10 ./Core/Src/system_stm32f1xx.o
                0x0000000008002b34                AHBPrescTable
                0x0000000008002b44                . = ALIGN (0x4)

.rel.dyn        0x0000000008002b44        0x0
 .rel.iplt      0x0000000008002b44        0x0 c:/st/stm32cubeide_1.7.0/stm32cubeide/plugins/com.st.stm32cube.ide.mcu.externaltools.gnu-tools-for-stm32.9-2020-q2-update.win32_2.0.0.202105311346/tools/bin/../lib/gcc/arm-none-eabi/9.3.1/thumb/v7-m/nofp/crtbegin.o

.ARM.extab      0x0000000008002b44        0x0
                0x0000000008002b44                . = ALIGN (0x4)
 *(.ARM.extab* .gnu.linkonce.armextab.*)
                0x0000000008002b44                . = ALIGN (0x4)

.ARM            0x0000000008002b44        0x0
                0x0000000008002b44                . = ALIGN (0x4)
                0x0000000008002b44                __exidx_start = .
 *(.ARM.exidx*)
                0x0000000008002b44                __exidx_end = .
                0x0000000008002b44                . = ALIGN (0x4)

.preinit_array  0x0000000008002b44        0x0
                0x0000000008002b44                . = ALIGN (0x4)
                0x0000000008002b44                PROVIDE (__preinit_array_start = .)
 *(.preinit_array*)
                0x0000000008002b44                PROVIDE (__preinit_array_end = .)
                0x0000000008002b44                . = ALIGN (0x4)

.init_array     0x0000000008002b44        0x4
                0x0000000008002b44                . = ALIGN (0x4)
                0x0000000008002b44                PROVIDE (__init_array_start = .)
 *(SORT_BY_NAME(.init_array.*))
 *(.init_array*)
 .init_array    0x0000000008002b44        0x4 c:/st/stm32cubeide_1.7.0/stm32cubeide/plugins/com.st.stm32cube.ide.mcu.externaltools.gnu-tools-for-stm32.9-2020-q2-update.win32_2.0.0.202105311346/tools/bin/../lib/gcc/arm-none-eabi/9.3.1/thumb/v7-m/nofp/crtbegin.o
                0x0000000008002b48                PROVIDE (__init_array_end = .)
                0x0000000008002b48                . = ALIGN (0x4)

.fini_array     0x0000000008002b48        0x4
                0x0000000008002b48                . = ALIGN (0x4)
                [!provide]                        PROVIDE (__fini_array_start = .)
 *(SORT_BY_NAME(.fini_array.*))
 *(.fini_array*)
 .fini_array    0x0000000008002b48        0x4 c:/st/stm32cubeide_1.7.0/stm32cubeide/plugins/com.st.stm32cube.ide.mcu.externaltools.gnu-tools-for-stm32.9-2020-q2-update.win32_2.0.0.202105311346/tools/bin/../lib/gcc/arm-none-eabi/9.3.1/thumb/v7-m/nofp/crtbegin.o
                [!provide]                        PROVIDE (__fini_array_end = .)
                0x0000000008002b4c                . = ALIGN (0x4)
                0x0000000008002b4c                _sidata = LOADADDR (.data)

.data           0x0000000020000000       0x24 load address 0x0000000008002b4c
                0x0000000020000000                . = ALIGN (0x4)
                0x0000000020000000                _sdata = .
 *(.data)
 *(.data*)
 .data.red_time
                0x0000000020000000        0x4 ./Core/Src/input_processing.o
                0x0000000020000000                red_time
 .data.yellow_time
                0x0000000020000004        0x4 ./Core/Src/input_processing.o
                0x0000000020000004                yellow_time
 .data.green_time
                0x0000000020000008        0x4 ./Core/Src/input_processing.o
                0x0000000020000008                green_time
 .data.count_red
                0x000000002000000c        0x4 ./Core/Src/input_processing.o
                0x000000002000000c                count_red
 .data.count_yellow
                0x0000000020000010        0x4 ./Core/Src/input_processing.o
                0x0000000020000010                count_yellow
 .data.count_green
                0x0000000020000014        0x4 ./Core/Src/input_processing.o
                0x0000000020000014                count_green
 .data.SystemCoreClock
                0x0000000020000018        0x4 ./Core/Src/system_stm32f1xx.o
                0x0000000020000018                SystemCoreClock
 .data.uwTickPrio
                0x000000002000001c        0x4 ./Drivers/STM32F1xx_HAL_Driver/Src/stm32f1xx_hal.o
                0x000000002000001c                uwTickPrio
 .data.uwTickFreq
                0x0000000020000020        0x1 ./Drivers/STM32F1xx_HAL_Driver/Src/stm32f1xx_hal.o
                0x0000000020000020                uwTickFreq
 *(.RamFunc)
 *(.RamFunc*)
                0x0000000020000024                . = ALIGN (0x4)
 *fill*         0x0000000020000021        0x3 
                0x0000000020000024                _edata = .

.igot.plt       0x0000000020000024        0x0 load address 0x0000000008002b70
 .igot.plt      0x0000000020000024        0x0 c:/st/stm32cubeide_1.7.0/stm32cubeide/plugins/com.st.stm32cube.ide.mcu.externaltools.gnu-tools-for-stm32.9-2020-q2-update.win32_2.0.0.202105311346/tools/bin/../lib/gcc/arm-none-eabi/9.3.1/thumb/v7-m/nofp/crtbegin.o
                0x0000000020000024                . = ALIGN (0x4)

.bss            0x0000000020000024       0xa0 load address 0x0000000008002b70
                0x0000000020000024                _sbss = .
                0x0000000020000024                __bss_start__ = _sbss
 *(.bss)
 .bss           0x0000000020000024       0x1c c:/st/stm32cubeide_1.7.0/stm32cubeide/plugins/com.st.stm32cube.ide.mcu.externaltools.gnu-tools-for-stm32.9-2020-q2-update.win32_2.0.0.202105311346/tools/bin/../lib/gcc/arm-none-eabi/9.3.1/thumb/v7-m/nofp/crtbegin.o
 *(.bss*)
 .bss.buttonState
                0x0000000020000040        0x1 ./Core/Src/input_processing.o
                0x0000000020000040                buttonState
 *fill*         0x0000000020000041        0x3 
 .bss.buttonBuffer
                0x0000000020000044        0x3 ./Core/Src/input_reading.o
 *fill*         0x0000000020000047        0x1 
 .bss.debounceButtonBuffer1
                0x0000000020000048        0x3 ./Core/Src/input_reading.o
 *fill*         0x000000002000004b        0x1 
 .bss.debounceButtonBuffer2
                0x000000002000004c        0x3 ./Core/Src/input_reading.o
 *fill*         0x000000002000004f        0x1 
 .bss.flagForButtonPress1s
                0x0000000020000050        0x3 ./Core/Src/input_reading.o
 *fill*         0x0000000020000053        0x1 
 .bss.counterForButtonPress1s
                0x0000000020000054        0x6 ./Core/Src/input_reading.o
 *(COMMON)
 *fill*         0x000000002000005a        0x2 
 COMMON         0x000000002000005c       0x1c ./Core/Src/input_processing.o
                0x000000002000005c                t
                0x0000000020000060                j
                0x0000000020000064                o
                0x0000000020000068                l
                0x000000002000006c                k
                0x0000000020000070                i
                0x0000000020000074                s
 COMMON         0x0000000020000078       0x48 ./Core/Src/main.o
                0x0000000020000078                htim2
 COMMON         0x00000000200000c0        0x4 ./Drivers/STM32F1xx_HAL_Driver/Src/stm32f1xx_hal.o
                0x00000000200000c0                uwTick
                0x00000000200000c4                . = ALIGN (0x4)
                0x00000000200000c4                _ebss = .
                0x00000000200000c4                __bss_end__ = _ebss

._user_heap_stack
                0x00000000200000c4      0x604 load address 0x0000000008002b70
                0x00000000200000c8                . = ALIGN (0x8)
 *fill*         0x00000000200000c4        0x4 
                [!provide]                        PROVIDE (end = .)
                0x00000000200000c8                PROVIDE (_end = .)
                0x00000000200002c8                . = (. + _Min_Heap_Size)
 *fill*         0x00000000200000c8      0x200 
                0x00000000200006c8                . = (. + _Min_Stack_Size)
 *fill*         0x00000000200002c8      0x400 
                0x00000000200006c8                . = ALIGN (0x8)

/DISCARD/
 libc.a(*)
 libm.a(*)
 libgcc.a(*)

.ARM.attributes
                0x0000000000000000       0x29
 *(.ARM.attributes)
 .ARM.attributes
                0x0000000000000000       0x1d c:/st/stm32cubeide_1.7.0/stm32cubeide/plugins/com.st.stm32cube.ide.mcu.externaltools.gnu-tools-for-stm32.9-2020-q2-update.win32_2.0.0.202105311346/tools/bin/../lib/gcc/arm-none-eabi/9.3.1/thumb/v7-m/nofp/crti.o
 .ARM.attributes
                0x000000000000001d       0x2d c:/st/stm32cubeide_1.7.0/stm32cubeide/plugins/com.st.stm32cube.ide.mcu.externaltools.gnu-tools-for-stm32.9-2020-q2-update.win32_2.0.0.202105311346/tools/bin/../lib/gcc/arm-none-eabi/9.3.1/thumb/v7-m/nofp/crtbegin.o
 .ARM.attributes
                0x000000000000004a       0x2d ./Core/Src/display7SEG.o
 .ARM.attributes
                0x0000000000000077       0x2d ./Core/Src/input_processing.o
 .ARM.attributes
                0x00000000000000a4       0x2d ./Core/Src/input_reading.o
 .ARM.attributes
                0x00000000000000d1       0x2d ./Core/Src/led_display.o
 .ARM.attributes
                0x00000000000000fe       0x2d ./Core/Src/main.o
 .ARM.attributes
                0x000000000000012b       0x2d ./Core/Src/stm32f1xx_hal_msp.o
 .ARM.attributes
                0x0000000000000158       0x2d ./Core/Src/stm32f1xx_it.o
 .ARM.attributes
                0x0000000000000185       0x2d ./Core/Src/system_stm32f1xx.o
 .ARM.attributes
                0x00000000000001b2       0x2d ./Core/Src/timer.o
 .ARM.attributes
                0x00000000000001df       0x21 ./Core/Startup/startup_stm32f103c6tx.o
 .ARM.attributes
                0x0000000000000200       0x2d ./Drivers/STM32F1xx_HAL_Driver/Src/stm32f1xx_hal.o
 .ARM.attributes
                0x000000000000022d       0x2d ./Drivers/STM32F1xx_HAL_Driver/Src/stm32f1xx_hal_cortex.o
 .ARM.attributes
                0x000000000000025a       0x2d ./Drivers/STM32F1xx_HAL_Driver/Src/stm32f1xx_hal_gpio.o
 .ARM.attributes
                0x0000000000000287       0x2d ./Drivers/STM32F1xx_HAL_Driver/Src/stm32f1xx_hal_rcc.o
 .ARM.attributes
                0x00000000000002b4       0x2d ./Drivers/STM32F1xx_HAL_Driver/Src/stm32f1xx_hal_tim.o
 .ARM.attributes
                0x00000000000002e1       0x2d ./Drivers/STM32F1xx_HAL_Driver/Src/stm32f1xx_hal_tim_ex.o
 .ARM.attributes
                0x000000000000030e       0x2d c:/st/stm32cubeide_1.7.0/stm32cubeide/plugins/com.st.stm32cube.ide.mcu.externaltools.gnu-tools-for-stm32.9-2020-q2-update.win32_2.0.0.202105311346/tools/bin/../lib/gcc/arm-none-eabi/9.3.1/../../../../arm-none-eabi/lib/thumb/v7-m/nofp\libc_nano.a(lib_a-init.o)
 .ARM.attributes
                0x000000000000033b       0x2d c:/st/stm32cubeide_1.7.0/stm32cubeide/plugins/com.st.stm32cube.ide.mcu.externaltools.gnu-tools-for-stm32.9-2020-q2-update.win32_2.0.0.202105311346/tools/bin/../lib/gcc/arm-none-eabi/9.3.1/../../../../arm-none-eabi/lib/thumb/v7-m/nofp\libc_nano.a(lib_a-memset.o)
 .ARM.attributes
                0x0000000000000368       0x1d c:/st/stm32cubeide_1.7.0/stm32cubeide/plugins/com.st.stm32cube.ide.mcu.externaltools.gnu-tools-for-stm32.9-2020-q2-update.win32_2.0.0.202105311346/tools/bin/../lib/gcc/arm-none-eabi/9.3.1/thumb/v7-m/nofp/crtn.o
OUTPUT(lab3raw.elf elf32-littlearm)
LOAD linker stubs
LOAD c:/st/stm32cubeide_1.7.0/stm32cubeide/plugins/com.st.stm32cube.ide.mcu.externaltools.gnu-tools-for-stm32.9-2020-q2-update.win32_2.0.0.202105311346/tools/bin/../lib/gcc/arm-none-eabi/9.3.1/../../../../arm-none-eabi/lib/thumb/v7-m/nofp\libc.a
LOAD c:/st/stm32cubeide_1.7.0/stm32cubeide/plugins/com.st.stm32cube.ide.mcu.externaltools.gnu-tools-for-stm32.9-2020-q2-update.win32_2.0.0.202105311346/tools/bin/../lib/gcc/arm-none-eabi/9.3.1/../../../../arm-none-eabi/lib/thumb/v7-m/nofp\libm.a
LOAD c:/st/stm32cubeide_1.7.0/stm32cubeide/plugins/com.st.stm32cube.ide.mcu.externaltools.gnu-tools-for-stm32.9-2020-q2-update.win32_2.0.0.202105311346/tools/bin/../lib/gcc/arm-none-eabi/9.3.1/thumb/v7-m/nofp\libgcc.a

.debug_info     0x0000000000000000     0x995b
 .debug_info    0x0000000000000000      0x2fe ./Core/Src/display7SEG.o
 .debug_info    0x00000000000002fe      0x781 ./Core/Src/input_processing.o
 .debug_info    0x0000000000000a7f      0x341 ./Core/Src/input_reading.o
 .debug_info    0x0000000000000dc0      0x2af ./Core/Src/led_display.o
 .debug_info    0x000000000000106f      0xb81 ./Core/Src/main.o
 .debug_info    0x0000000000001bf0      0xa04 ./Core/Src/stm32f1xx_hal_msp.o
 .debug_info    0x00000000000025f4      0x7b4 ./Core/Src/stm32f1xx_it.o
 .debug_info    0x0000000000002da8      0x2be ./Core/Src/system_stm32f1xx.o
 .debug_info    0x0000000000003066      0x720 ./Core/Src/timer.o
 .debug_info    0x0000000000003786       0x22 ./Core/Startup/startup_stm32f103c6tx.o
 .debug_info    0x00000000000037a8      0x74c ./Drivers/STM32F1xx_HAL_Driver/Src/stm32f1xx_hal.o
 .debug_info    0x0000000000003ef4      0xbbe ./Drivers/STM32F1xx_HAL_Driver/Src/stm32f1xx_hal_cortex.o
 .debug_info    0x0000000000004ab2      0x701 ./Drivers/STM32F1xx_HAL_Driver/Src/stm32f1xx_hal_gpio.o
 .debug_info    0x00000000000051b3      0x88e ./Drivers/STM32F1xx_HAL_Driver/Src/stm32f1xx_hal_rcc.o
 .debug_info    0x0000000000005a41     0x2a45 ./Drivers/STM32F1xx_HAL_Driver/Src/stm32f1xx_hal_tim.o
 .debug_info    0x0000000000008486     0x14d5 ./Drivers/STM32F1xx_HAL_Driver/Src/stm32f1xx_hal_tim_ex.o

.debug_abbrev   0x0000000000000000     0x1c1a
 .debug_abbrev  0x0000000000000000      0x150 ./Core/Src/display7SEG.o
 .debug_abbrev  0x0000000000000150      0x239 ./Core/Src/input_processing.o
 .debug_abbrev  0x0000000000000389      0x152 ./Core/Src/input_reading.o
 .debug_abbrev  0x00000000000004db      0x109 ./Core/Src/led_display.o
 .debug_abbrev  0x00000000000005e4      0x21b ./Core/Src/main.o
 .debug_abbrev  0x00000000000007ff      0x1b7 ./Core/Src/stm32f1xx_hal_msp.o
 .debug_abbrev  0x00000000000009b6      0x176 ./Core/Src/stm32f1xx_it.o
 .debug_abbrev  0x0000000000000b2c      0x14e ./Core/Src/system_stm32f1xx.o
 .debug_abbrev  0x0000000000000c7a      0x16f ./Core/Src/timer.o
 .debug_abbrev  0x0000000000000de9       0x12 ./Core/Startup/startup_stm32f103c6tx.o
 .debug_abbrev  0x0000000000000dfb      0x1ed ./Drivers/STM32F1xx_HAL_Driver/Src/stm32f1xx_hal.o
 .debug_abbrev  0x0000000000000fe8      0x313 ./Drivers/STM32F1xx_HAL_Driver/Src/stm32f1xx_hal_cortex.o
 .debug_abbrev  0x00000000000012fb      0x1e8 ./Drivers/STM32F1xx_HAL_Driver/Src/stm32f1xx_hal_gpio.o
 .debug_abbrev  0x00000000000014e3      0x273 ./Drivers/STM32F1xx_HAL_Driver/Src/stm32f1xx_hal_rcc.o
 .debug_abbrev  0x0000000000001756      0x25e ./Drivers/STM32F1xx_HAL_Driver/Src/stm32f1xx_hal_tim.o
 .debug_abbrev  0x00000000000019b4      0x266 ./Drivers/STM32F1xx_HAL_Driver/Src/stm32f1xx_hal_tim_ex.o

.debug_aranges  0x0000000000000000      0xa28
 .debug_aranges
                0x0000000000000000       0x30 ./Core/Src/display7SEG.o
 .debug_aranges
                0x0000000000000030       0x60 ./Core/Src/input_processing.o
 .debug_aranges
                0x0000000000000090       0x30 ./Core/Src/input_reading.o
 .debug_aranges
                0x00000000000000c0       0x20 ./Core/Src/led_display.o
 .debug_aranges
                0x00000000000000e0       0x40 ./Core/Src/main.o
 .debug_aranges
                0x0000000000000120       0x30 ./Core/Src/stm32f1xx_hal_msp.o
 .debug_aranges
                0x0000000000000150       0x68 ./Core/Src/stm32f1xx_it.o
 .debug_aranges
                0x00000000000001b8       0x28 ./Core/Src/system_stm32f1xx.o
 .debug_aranges
                0x00000000000001e0       0x20 ./Core/Src/timer.o
 .debug_aranges
                0x0000000000000200       0x28 ./Core/Startup/startup_stm32f103c6tx.o
 .debug_aranges
                0x0000000000000228       0xe0 ./Drivers/STM32F1xx_HAL_Driver/Src/stm32f1xx_hal.o
 .debug_aranges
                0x0000000000000308      0x100 ./Drivers/STM32F1xx_HAL_Driver/Src/stm32f1xx_hal_cortex.o
 .debug_aranges
                0x0000000000000408       0x58 ./Drivers/STM32F1xx_HAL_Driver/Src/stm32f1xx_hal_gpio.o
 .debug_aranges
                0x0000000000000460       0x90 ./Drivers/STM32F1xx_HAL_Driver/Src/stm32f1xx_hal_rcc.o
 .debug_aranges
                0x00000000000004f0      0x3d0 ./Drivers/STM32F1xx_HAL_Driver/Src/stm32f1xx_hal_tim.o
 .debug_aranges
                0x00000000000008c0      0x168 ./Drivers/STM32F1xx_HAL_Driver/Src/stm32f1xx_hal_tim_ex.o

.debug_ranges   0x0000000000000000      0x930
 .debug_ranges  0x0000000000000000       0x20 ./Core/Src/display7SEG.o
 .debug_ranges  0x0000000000000020       0x50 ./Core/Src/input_processing.o
 .debug_ranges  0x0000000000000070       0x20 ./Core/Src/input_reading.o
 .debug_ranges  0x0000000000000090       0x10 ./Core/Src/led_display.o
 .debug_ranges  0x00000000000000a0       0x30 ./Core/Src/main.o
 .debug_ranges  0x00000000000000d0       0x20 ./Core/Src/stm32f1xx_hal_msp.o
 .debug_ranges  0x00000000000000f0       0x58 ./Core/Src/stm32f1xx_it.o
 .debug_ranges  0x0000000000000148       0x18 ./Core/Src/system_stm32f1xx.o
 .debug_ranges  0x0000000000000160       0x10 ./Core/Src/timer.o
 .debug_ranges  0x0000000000000170       0x20 ./Core/Startup/startup_stm32f103c6tx.o
 .debug_ranges  0x0000000000000190       0xd0 ./Drivers/STM32F1xx_HAL_Driver/Src/stm32f1xx_hal.o
 .debug_ranges  0x0000000000000260       0xf0 ./Drivers/STM32F1xx_HAL_Driver/Src/stm32f1xx_hal_cortex.o
 .debug_ranges  0x0000000000000350       0x48 ./Drivers/STM32F1xx_HAL_Driver/Src/stm32f1xx_hal_gpio.o
 .debug_ranges  0x0000000000000398       0x80 ./Drivers/STM32F1xx_HAL_Driver/Src/stm32f1xx_hal_rcc.o
 .debug_ranges  0x0000000000000418      0x3c0 ./Drivers/STM32F1xx_HAL_Driver/Src/stm32f1xx_hal_tim.o
 .debug_ranges  0x00000000000007d8      0x158 ./Drivers/STM32F1xx_HAL_Driver/Src/stm32f1xx_hal_tim_ex.o

.debug_macro    0x0000000000000000    0x16b37
 .debug_macro   0x0000000000000000      0x1b1 ./Core/Src/display7SEG.o
 .debug_macro   0x00000000000001b1      0xa9c ./Core/Src/display7SEG.o
 .debug_macro   0x0000000000000c4d      0x215 ./Core/Src/display7SEG.o
 .debug_macro   0x0000000000000e62       0x2e ./Core/Src/display7SEG.o
 .debug_macro   0x0000000000000e90       0x22 ./Core/Src/display7SEG.o
 .debug_macro   0x0000000000000eb2       0x22 ./Core/Src/display7SEG.o
 .debug_macro   0x0000000000000ed4       0x8e ./Core/Src/display7SEG.o
 .debug_macro   0x0000000000000f62       0x51 ./Core/Src/display7SEG.o
 .debug_macro   0x0000000000000fb3      0x103 ./Core/Src/display7SEG.o
 .debug_macro   0x00000000000010b6       0x6a ./Core/Src/display7SEG.o
 .debug_macro   0x0000000000001120      0x1df ./Core/Src/display7SEG.o
 .debug_macro   0x00000000000012ff       0x1c ./Core/Src/display7SEG.o
 .debug_macro   0x000000000000131b       0x22 ./Core/Src/display7SEG.o
 .debug_macro   0x000000000000133d       0xc3 ./Core/Src/display7SEG.o
 .debug_macro   0x0000000000001400      0xd23 ./Core/Src/display7SEG.o
 .debug_macro   0x0000000000002123     0xde75 ./Core/Src/display7SEG.o
 .debug_macro   0x000000000000ff98       0x6d ./Core/Src/display7SEG.o
 .debug_macro   0x0000000000010005     0x3468 ./Core/Src/display7SEG.o
 .debug_macro   0x000000000001346d      0x174 ./Core/Src/display7SEG.o
 .debug_macro   0x00000000000135e1       0x5c ./Core/Src/display7SEG.o
 .debug_macro   0x000000000001363d      0x5be ./Core/Src/display7SEG.o
 .debug_macro   0x0000000000013bfb      0x1b7 ./Core/Src/display7SEG.o
 .debug_macro   0x0000000000013db2      0x1cb ./Core/Src/display7SEG.o
 .debug_macro   0x0000000000013f7d      0x114 ./Core/Src/display7SEG.o
 .debug_macro   0x0000000000014091      0x1b2 ./Core/Src/display7SEG.o
 .debug_macro   0x0000000000014243       0x27 ./Core/Src/display7SEG.o
 .debug_macro   0x000000000001426a      0x12f ./Core/Src/display7SEG.o
 .debug_macro   0x0000000000014399      0x1bc ./Core/Src/display7SEG.o
 .debug_macro   0x0000000000014555       0x34 ./Core/Src/display7SEG.o
 .debug_macro   0x0000000000014589       0x3c ./Core/Src/display7SEG.o
 .debug_macro   0x00000000000145c5       0x57 ./Core/Src/display7SEG.o
 .debug_macro   0x000000000001461c       0x88 ./Core/Src/display7SEG.o
 .debug_macro   0x00000000000146a4      0x183 ./Core/Src/display7SEG.o
 .debug_macro   0x0000000000014827      0x141 ./Core/Src/display7SEG.o
 .debug_macro   0x0000000000014968      0x8d1 ./Core/Src/display7SEG.o
 .debug_macro   0x0000000000015239       0x69 ./Core/Src/display7SEG.o
 .debug_macro   0x00000000000152a2       0xa0 ./Core/Src/display7SEG.o
 .debug_macro   0x0000000000015342      0x1dd ./Core/Src/input_processing.o
 .debug_macro   0x000000000001551f      0x1c9 ./Core/Src/input_reading.o
 .debug_macro   0x00000000000156e8      0x1c1 ./Core/Src/led_display.o
 .debug_macro   0x00000000000158a9      0x1bb ./Core/Src/main.o
 .debug_macro   0x0000000000015a64      0x1a7 ./Core/Src/stm32f1xx_hal_msp.o
 .debug_macro   0x0000000000015c0b      0x1b1 ./Core/Src/stm32f1xx_it.o
 .debug_macro   0x0000000000015dbc      0x198 ./Core/Src/system_stm32f1xx.o
 .debug_macro   0x0000000000015f54      0x1b1 ./Core/Src/timer.o
 .debug_macro   0x0000000000016105      0x1bc ./Drivers/STM32F1xx_HAL_Driver/Src/stm32f1xx_hal.o
 .debug_macro   0x00000000000162c1      0x198 ./Drivers/STM32F1xx_HAL_Driver/Src/stm32f1xx_hal_cortex.o
 .debug_macro   0x0000000000016459      0x203 ./Drivers/STM32F1xx_HAL_Driver/Src/stm32f1xx_hal_gpio.o
 .debug_macro   0x000000000001665c      0x1aa ./Drivers/STM32F1xx_HAL_Driver/Src/stm32f1xx_hal_rcc.o
 .debug_macro   0x0000000000016806      0x199 ./Drivers/STM32F1xx_HAL_Driver/Src/stm32f1xx_hal_tim.o
 .debug_macro   0x000000000001699f      0x198 ./Drivers/STM32F1xx_HAL_Driver/Src/stm32f1xx_hal_tim_ex.o

.debug_line     0x0000000000000000     0xbb22
 .debug_line    0x0000000000000000      0x750 ./Core/Src/display7SEG.o
 .debug_line    0x0000000000000750      0xdc5 ./Core/Src/input_processing.o
 .debug_line    0x0000000000001515      0x71b ./Core/Src/input_reading.o
 .debug_line    0x0000000000001c30      0x684 ./Core/Src/led_display.o
 .debug_line    0x00000000000022b4      0x789 ./Core/Src/main.o
 .debug_line    0x0000000000002a3d      0x6a1 ./Core/Src/stm32f1xx_hal_msp.o
 .debug_line    0x00000000000030de      0x73f ./Core/Src/stm32f1xx_it.o
 .debug_line    0x000000000000381d      0x6e3 ./Core/Src/system_stm32f1xx.o
 .debug_line    0x0000000000003f00      0x670 ./Core/Src/timer.o
 .debug_line    0x0000000000004570       0x87 ./Core/Startup/startup_stm32f103c6tx.o
 .debug_line    0x00000000000045f7      0x910 ./Drivers/STM32F1xx_HAL_Driver/Src/stm32f1xx_hal.o
 .debug_line    0x0000000000004f07      0xaf8 ./Drivers/STM32F1xx_HAL_Driver/Src/stm32f1xx_hal_cortex.o
 .debug_line    0x00000000000059ff      0x991 ./Drivers/STM32F1xx_HAL_Driver/Src/stm32f1xx_hal_gpio.o
 .debug_line    0x0000000000006390      0xd1e ./Drivers/STM32F1xx_HAL_Driver/Src/stm32f1xx_hal_rcc.o
 .debug_line    0x00000000000070ae     0x326e ./Drivers/STM32F1xx_HAL_Driver/Src/stm32f1xx_hal_tim.o
 .debug_line    0x000000000000a31c     0x1806 ./Drivers/STM32F1xx_HAL_Driver/Src/stm32f1xx_hal_tim_ex.o

.debug_str      0x0000000000000000    0x82160
 .debug_str     0x0000000000000000    0x7f45a ./Core/Src/display7SEG.o
                                      0x7f7b2 (size before relaxing)
 .debug_str     0x000000000007f45a      0x24f ./Core/Src/input_processing.o
                                      0x7f99d (size before relaxing)
 .debug_str     0x000000000007f6a9      0x13e ./Core/Src/input_reading.o
                                      0x7f889 (size before relaxing)
 .debug_str     0x000000000007f7e7       0x39 ./Core/Src/led_display.o
                                      0x7f796 (size before relaxing)
 .debug_str     0x000000000007f820      0x6d5 ./Core/Src/main.o
                                      0x7fece (size before relaxing)
 .debug_str     0x000000000007fef5      0x2ba ./Core/Src/stm32f1xx_hal_msp.o
                                      0x7ff13 (size before relaxing)
 .debug_str     0x00000000000801af       0xcd ./Core/Src/stm32f1xx_it.o
                                      0x7fc75 (size before relaxing)
 .debug_str     0x000000000008027c       0x52 ./Core/Src/system_stm32f1xx.o
                                      0x7f50e (size before relaxing)
 .debug_str     0x00000000000802ce       0x37 ./Core/Src/timer.o
                                      0x7fbef (size before relaxing)
 .debug_str     0x0000000000080305       0x36 ./Core/Startup/startup_stm32f103c6tx.o
                                         0x79 (size before relaxing)
 .debug_str     0x000000000008033b      0x304 ./Drivers/STM32F1xx_HAL_Driver/Src/stm32f1xx_hal.o
                                      0x7fb65 (size before relaxing)
 .debug_str     0x000000000008063f      0x300 ./Drivers/STM32F1xx_HAL_Driver/Src/stm32f1xx_hal_cortex.o
                                      0x7fb6d (size before relaxing)
 .debug_str     0x000000000008093f      0x316 ./Drivers/STM32F1xx_HAL_Driver/Src/stm32f1xx_hal_gpio.o
                                      0x7f8d2 (size before relaxing)
 .debug_str     0x0000000000080c55      0x24f ./Drivers/STM32F1xx_HAL_Driver/Src/stm32f1xx_hal_rcc.o
                                      0x7f90b (size before relaxing)
 .debug_str     0x0000000000080ea4      0xdce ./Drivers/STM32F1xx_HAL_Driver/Src/stm32f1xx_hal_tim.o
                                      0x808dd (size before relaxing)
 .debug_str     0x0000000000081c72      0x4ee ./Drivers/STM32F1xx_HAL_Driver/Src/stm32f1xx_hal_tim_ex.o
                                      0x8008e (size before relaxing)

.comment        0x0000000000000000       0x53
 .comment       0x0000000000000000       0x53 ./Core/Src/display7SEG.o
                                         0x54 (size before relaxing)
 .comment       0x0000000000000053       0x54 ./Core/Src/input_processing.o
 .comment       0x0000000000000053       0x54 ./Core/Src/input_reading.o
 .comment       0x0000000000000053       0x54 ./Core/Src/led_display.o
 .comment       0x0000000000000053       0x54 ./Core/Src/main.o
 .comment       0x0000000000000053       0x54 ./Core/Src/stm32f1xx_hal_msp.o
 .comment       0x0000000000000053       0x54 ./Core/Src/stm32f1xx_it.o
 .comment       0x0000000000000053       0x54 ./Core/Src/system_stm32f1xx.o
 .comment       0x0000000000000053       0x54 ./Core/Src/timer.o
 .comment       0x0000000000000053       0x54 ./Drivers/STM32F1xx_HAL_Driver/Src/stm32f1xx_hal.o
 .comment       0x0000000000000053       0x54 ./Drivers/STM32F1xx_HAL_Driver/Src/stm32f1xx_hal_cortex.o
 .comment       0x0000000000000053       0x54 ./Drivers/STM32F1xx_HAL_Driver/Src/stm32f1xx_hal_gpio.o
 .comment       0x0000000000000053       0x54 ./Drivers/STM32F1xx_HAL_Driver/Src/stm32f1xx_hal_rcc.o
 .comment       0x0000000000000053       0x54 ./Drivers/STM32F1xx_HAL_Driver/Src/stm32f1xx_hal_tim.o
 .comment       0x0000000000000053       0x54 ./Drivers/STM32F1xx_HAL_Driver/Src/stm32f1xx_hal_tim_ex.o

.debug_frame    0x0000000000000000     0x2858
 .debug_frame   0x0000000000000000       0x7c ./Core/Src/display7SEG.o
 .debug_frame   0x000000000000007c      0x150 ./Core/Src/input_processing.o
 .debug_frame   0x00000000000001cc       0x84 ./Core/Src/input_reading.o
 .debug_frame   0x0000000000000250       0x2c ./Core/Src/led_display.o
 .debug_frame   0x000000000000027c       0xb0 ./Core/Src/main.o
 .debug_frame   0x000000000000032c       0x80 ./Core/Src/stm32f1xx_hal_msp.o
 .debug_frame   0x00000000000003ac      0x120 ./Core/Src/stm32f1xx_it.o
 .debug_frame   0x00000000000004cc       0x58 ./Core/Src/system_stm32f1xx.o
 .debug_frame   0x0000000000000524       0x34 ./Core/Src/timer.o
 .debug_frame   0x0000000000000558      0x334 ./Drivers/STM32F1xx_HAL_Driver/Src/stm32f1xx_hal.o
 .debug_frame   0x000000000000088c      0x428 ./Drivers/STM32F1xx_HAL_Driver/Src/stm32f1xx_hal_cortex.o
 .debug_frame   0x0000000000000cb4      0x14c ./Drivers/STM32F1xx_HAL_Driver/Src/stm32f1xx_hal_gpio.o
 .debug_frame   0x0000000000000e00      0x21c ./Drivers/STM32F1xx_HAL_Driver/Src/stm32f1xx_hal_rcc.o
 .debug_frame   0x000000000000101c     0x11b8 ./Drivers/STM32F1xx_HAL_Driver/Src/stm32f1xx_hal_tim.o
 .debug_frame   0x00000000000021d4      0x638 ./Drivers/STM32F1xx_HAL_Driver/Src/stm32f1xx_hal_tim_ex.o
 .debug_frame   0x000000000000280c       0x2c c:/st/stm32cubeide_1.7.0/stm32cubeide/plugins/com.st.stm32cube.ide.mcu.externaltools.gnu-tools-for-stm32.9-2020-q2-update.win32_2.0.0.202105311346/tools/bin/../lib/gcc/arm-none-eabi/9.3.1/../../../../arm-none-eabi/lib/thumb/v7-m/nofp\libc_nano.a(lib_a-init.o)
 .debug_frame   0x0000000000002838       0x20 c:/st/stm32cubeide_1.7.0/stm32cubeide/plugins/com.st.stm32cube.ide.mcu.externaltools.gnu-tools-for-stm32.9-2020-q2-update.win32_2.0.0.202105311346/tools/bin/../lib/gcc/arm-none-eabi/9.3.1/../../../../arm-none-eabi/lib/thumb/v7-m/nofp\libc_nano.a(lib_a-memset.o)
